




















  <link rel="stylesheet" href="bar.css">



  <link rel="stylesheet" href="bar_or_foo.css">











  <link rel="stylesheet" href="not_single-quoted-literal-target.css">



  <link rel="stylesheet" href="not_single-quoted-literal-target_and_not_foo.css">







  <link rel="stylesheet" href="not_double-quoted-literal-target.css">



  <link rel="stylesheet" href="not_double-quoted-literal-target_and_not_foo.css">



