


















  <link rel="stylesheet" href="foo.css">





  <link rel="stylesheet" href="bar_or_foo.css">



  <link rel="stylesheet" href="not_bar.css">







  <link rel="stylesheet" href="single-quoted-literal-target_or_foo.css">



  <link rel="stylesheet" href="not_single-quoted-literal-target.css">







  <link rel="stylesheet" href="double-quoted-literal-target_or_foo.css">



  <link rel="stylesheet" href="not_double-quoted-literal-target.css">





